// Jest Snapshot v1, https://goo.gl/fbAQLP

exports[`VideoDetail testing Video Detail Snapshot 1`] = `
<div>
  <div
    class="VideoDetailStyled-sc-1yszey5-0 khFVQG"
  >
    <span>
      Loading
    </span>
    <div>
      loading...
    </div>
  </div>
</div>
`;
