// Jest Snapshot v1, https://goo.gl/fbAQLP

exports[`Header App Snapshot 1`] = `
<div>
  <header
    class="HeaderStyled-sc-1azer9k-0 fkXvoa"
  >
    <div
      class="HeaderLeft-sc-1azer9k-2 jIiuwi"
    >
      <button
        class="MenuButton-sc-1azer9k-1 iOJGbh"
      >
        <img
          alt="menu"
          src="menu.svg"
        />
      </button>
      <form>
        <input
          class="InputSearch-sc-9xs9n4-0 kxGDRJ"
          id="search-inp"
          placeholder="Search"
          type="text"
          value=""
        />
      </form>
    </div>
    <div
      class="HeaderRight-sc-1azer9k-3 hMBPQS"
    >
      <span
        class="IndicatorStyled-j2fz6n-1 fNjceH"
      >
        Dark Mode
      </span>
      <label
        class="SwitchToggle-j2fz6n-0 dMraMU"
      >
        <input
          type="checkbox"
        />
        <span />
      </label>
      <div
        class="Avatar-sc-1azer9k-4 esSGob"
      >
        <img
          alt="avatar"
          src="user.svg"
        />
      </div>
    </div>
  </header>
</div>
`;
