// Jest Snapshot v1, https://goo.gl/fbAQLP

exports[`VideosList testing VideosList Snapshot 1`] = `
<div>
  <div>
    loading...
  </div>
</div>
`;
