// Jest Snapshot v1, https://goo.gl/fbAQLP

exports[`VideosList testing VideosList Snapshot 1`] = `
<div>
  <div
    class="VideosListStyled-sc-11o1z7z-0 bZFFBb"
  >
    <p
      class="MessageStyled-sc-11o1z7z-1 icPHbH"
    >
      There's no results
    </p>
  </div>
  
</div>
`;
